=== training raw BDH (n_embd=256 mult=16 n_layer=8 n_head=8, N=512 per head) for g_r diagnostic ===
/Users/ishaangubbala/Documents/Training/scripts/hz0h_bdh_combined_best_comparison.py:161: UserWarning: Converting a tensor with requires_grad=True to a scalar may lead to unexpected behavior.
Consider using tensor.detach() first. (Triggered internally at /Users/runner/work/pytorch/pytorch/torch/csrc/autograd/generated/python_variable_methods.cpp:823.)
  f"depth={depth} loss={float(loss):.4f} {rate:.0f} tok/s eta={eta:.0f}s", flush=True)
[train_bdh softmax_scaled=False] step 20/293 depth=4 loss=3.6222 29166 tok/s eta=10s
[train_bdh softmax_scaled=False] step 40/293 depth=4 loss=3.1799 30330 tok/s eta=9s
[train_bdh softmax_scaled=False] step 60/293 depth=4 loss=2.7820 30729 tok/s eta=8s
[train_bdh softmax_scaled=False] step 80/293 depth=4 loss=3.2934 30912 tok/s eta=7s
[train_bdh softmax_scaled=False] step 100/293 depth=4 loss=2.9788 31046 tok/s eta=6s
[train_bdh softmax_scaled=False] step 120/293 depth=4 loss=3.3661 31131 tok/s eta=6s
[train_bdh softmax_scaled=False] step 140/293 depth=4 loss=2.3321 31159 tok/s eta=5s
[train_bdh softmax_scaled=False] step 160/293 depth=6 loss=2.1008 30194 tok/s eta=5s
[train_bdh softmax_scaled=False] step 180/293 depth=6 loss=2.7293 29014 tok/s eta=4s
[train_bdh softmax_scaled=False] step 200/293 depth=6 loss=2.9933 28144 tok/s eta=3s
[train_bdh softmax_scaled=False] step 220/293 depth=6 loss=2.3930 27466 tok/s eta=3s
[train_bdh softmax_scaled=False] step 240/293 depth=8 loss=2.4747 26173 tok/s eta=2s
[train_bdh softmax_scaled=False] step 260/293 depth=8 loss=2.0382 25140 tok/s eta=1s
[train_bdh softmax_scaled=False] step 280/293 depth=8 loss=2.8914 24320 tok/s eta=1s
[train_bdh softmax_scaled=False] DONE 300032 tokens in 13s final_loss=3.3085
[trained] params=3.28M in 13s
=== streaming 20 held-out batches through g_r diagnostic (svd_reservoir<=4000 samples/round) ===
[collected] 162560 samples/round in 1s
[round 0] f_x=0.351 f_y=0.452 f_xy=0.152 eff_rank=194.6/512 (38.0%) top-128_energy=0.992 jaccard_to_next=0.519
[round 1] f_x=0.362 f_y=0.469 f_xy=0.169 eff_rank=199.9/512 (39.0%) top-128_energy=0.992 jaccard_to_next=0.663
[round 2] f_x=0.345 f_y=0.468 f_xy=0.165 eff_rank=195.1/512 (38.1%) top-128_energy=0.992 jaccard_to_next=0.723
[round 3] f_x=0.320 f_y=0.458 f_xy=0.154 eff_rank=189.7/512 (37.0%) top-128_energy=0.992 jaccard_to_next=0.790
[round 4] f_x=0.303 f_y=0.452 f_xy=0.145 eff_rank=186.7/512 (36.5%) top-128_energy=0.992 jaccard_to_next=0.837
[round 5] f_x=0.293 f_y=0.449 f_xy=0.141 eff_rank=183.5/512 (35.8%) top-128_energy=0.992 jaccard_to_next=0.868
[round 6] f_x=0.288 f_y=0.448 f_xy=0.139 eff_rank=179.1/512 (35.0%) top-128_energy=0.992 jaccard_to_next=0.888
[round 7] f_x=0.286 f_y=0.447 f_xy=0.138 eff_rank=173.9/512 (34.0%) top-128_energy=0.992 jaccard_to_next=nan
[done] wrote results/local/hz0h_g_r_operator_diagnostic_result.json
