[hz-bdh-bench] device=cuda
[hz-bdh-bench] FRESH combined_best BDH: n_embd=1440 n_layer=8 n_head=4 mult=16 n_params=100,270,080 gradient_checkpointing=True
[hz-bdh-bench] building benchmark decontamination hashes...
[hz-bdh-bench] 1693252 benchmark n-gram hashes across ['arc_easy', 'arc_challenge', 'hellaswag', 'piqa', 'winogrande', 'boolq']
[hz-bdh-bench] captured 4 frozen held-out batches (seed+777, never trained on)
[hz-bdh-bench] step=20/500 (47.4s, 0.42 steps/sec, 1727 corpus tok/sec) loss=2.7711 corpus_tokens_seen=81,920 peak_vram=7.11 GB decon_rejected=0 corpus_sources=15fw/1wiki
[hz-bdh-bench] step=40/500 (73.8s, 0.54 steps/sec, 2221 corpus tok/sec) loss=2.6510 corpus_tokens_seen=163,840 peak_vram=7.11 GB decon_rejected=0 corpus_sources=19fw/4wiki
[hz-bdh-bench] step=60/500 (100.2s, 0.60 steps/sec, 2453 corpus tok/sec) loss=2.5383 corpus_tokens_seen=245,760 peak_vram=7.11 GB decon_rejected=0 corpus_sources=28fw/6wiki
[hz-bdh-bench] step=80/500 (130.3s, 0.61 steps/sec, 2514 corpus tok/sec) loss=2.4390 corpus_tokens_seen=327,680 peak_vram=7.11 GB decon_rejected=0 corpus_sources=42fw/6wiki
[hz-bdh-bench] step=100/500 (165.1s, 0.61 steps/sec, 2481 corpus tok/sec) loss=2.2247 corpus_tokens_seen=409,600 peak_vram=7.11 GB decon_rejected=0 corpus_sources=61fw/9wiki
[hz-bdh-bench] step=120/500 (199.8s, 0.60 steps/sec, 2460 corpus tok/sec) loss=2.2814 corpus_tokens_seen=491,520 peak_vram=7.11 GB decon_rejected=0 corpus_sources=75fw/11wiki
[hz-bdh-bench] step=140/500 (234.4s, 0.60 steps/sec, 2447 corpus tok/sec) loss=2.2650 corpus_tokens_seen=573,440 peak_vram=7.11 GB decon_rejected=0 corpus_sources=91fw/14wiki
[hz-bdh-bench] step=160/500 (269.2s, 0.59 steps/sec, 2434 corpus tok/sec) loss=2.0386 corpus_tokens_seen=655,360 peak_vram=7.11 GB decon_rejected=0 corpus_sources=108fw/15wiki
[hz-bdh-bench] step=180/500 (303.7s, 0.59 steps/sec, 2428 corpus tok/sec) loss=2.2277 corpus_tokens_seen=737,280 peak_vram=7.11 GB decon_rejected=0 corpus_sources=125fw/19wiki
[hz-bdh-bench] step=200/500 (338.3s, 0.59 steps/sec, 2421 corpus tok/sec) loss=1.6564 corpus_tokens_seen=819,200 peak_vram=7.11 GB decon_rejected=0 corpus_sources=129fw/20wiki
[hz-bdh-bench] step=220/500 (372.8s, 0.59 steps/sec, 2417 corpus tok/sec) loss=2.1161 corpus_tokens_seen=901,120 peak_vram=7.11 GB decon_rejected=0 corpus_sources=149fw/21wiki
[hz-bdh-bench] step=240/500 (407.3s, 0.59 steps/sec, 2414 corpus tok/sec) loss=1.7380 corpus_tokens_seen=983,040 peak_vram=7.11 GB decon_rejected=0 corpus_sources=163fw/23wiki
[hz-bdh-bench] step=260/500 (441.7s, 0.59 steps/sec, 2411 corpus tok/sec) loss=1.9224 corpus_tokens_seen=1,064,960 peak_vram=7.11 GB decon_rejected=0 corpus_sources=184fw/23wiki
[hz-bdh-bench] step=280/500 (476.1s, 0.59 steps/sec, 2409 corpus tok/sec) loss=1.8923 corpus_tokens_seen=1,146,880 peak_vram=7.11 GB decon_rejected=0 corpus_sources=200fw/25wiki
[hz-bdh-bench] step=300/500 (510.5s, 0.59 steps/sec, 2407 corpus tok/sec) loss=1.8057 corpus_tokens_seen=1,228,800 peak_vram=7.11 GB decon_rejected=0 corpus_sources=221fw/26wiki
[hz-bdh-bench] step=320/500 (544.9s, 0.59 steps/sec, 2405 corpus tok/sec) loss=2.0142 corpus_tokens_seen=1,310,720 peak_vram=7.11 GB decon_rejected=0 corpus_sources=229fw/29wiki
[hz-bdh-bench] step=340/500 (579.3s, 0.59 steps/sec, 2404 corpus tok/sec) loss=1.8604 corpus_tokens_seen=1,392,640 peak_vram=7.11 GB decon_rejected=0 corpus_sources=242fw/30wiki
[hz-bdh-bench] step=360/500 (613.7s, 0.59 steps/sec, 2403 corpus tok/sec) loss=1.6474 corpus_tokens_seen=1,474,560 peak_vram=7.11 GB decon_rejected=0 corpus_sources=263fw/33wiki
[hz-bdh-bench] step=380/500 (648.1s, 0.59 steps/sec, 2402 corpus tok/sec) loss=1.6473 corpus_tokens_seen=1,556,480 peak_vram=7.11 GB decon_rejected=0 corpus_sources=274fw/35wiki
[hz-bdh-bench] step=400/500 (682.4s, 0.59 steps/sec, 2401 corpus tok/sec) loss=1.7563 corpus_tokens_seen=1,638,400 peak_vram=7.11 GB decon_rejected=0 corpus_sources=291fw/36wiki
[hz-bdh-bench] step=420/500 (716.8s, 0.59 steps/sec, 2400 corpus tok/sec) loss=1.6680 corpus_tokens_seen=1,720,320 peak_vram=7.11 GB decon_rejected=0 corpus_sources=305fw/40wiki
[hz-bdh-bench] step=440/500 (751.1s, 0.59 steps/sec, 2399 corpus tok/sec) loss=1.6658 corpus_tokens_seen=1,802,240 peak_vram=7.11 GB decon_rejected=0 corpus_sources=321fw/42wiki
[hz-bdh-bench] step=460/500 (785.5s, 0.59 steps/sec, 2399 corpus tok/sec) loss=2.0815 corpus_tokens_seen=1,884,160 peak_vram=7.11 GB decon_rejected=0 corpus_sources=345fw/45wiki
[hz-bdh-bench] step=480/500 (819.8s, 0.59 steps/sec, 2398 corpus tok/sec) loss=1.5927 corpus_tokens_seen=1,966,080 peak_vram=7.11 GB decon_rejected=0 corpus_sources=363fw/47wiki
[hz-bdh-bench] step=500/500 (854.1s, 0.59 steps/sec, 2398 corpus tok/sec) loss=1.6462 corpus_tokens_seen=2,048,000 peak_vram=7.11 GB decon_rejected=0 corpus_sources=377fw/47wiki

[hz-bdh-bench] DONE: 500 steps in 855.8s (0.58 steps/sec, 2393 corpus tok/sec, peak_vram=7.11 GB, corpus_tokens_seen=2,048,000, estimated_flops=1.232e+15)
[hz-bdh-bench] final checkpoint: results/local/hz_bdh_bench_100m_checkpointed/final.pt
